[html.awaikenthemes.com/diggy/index-image.html]
[backblue.gif]
[fade.gif]
[index.html]
[html.awaikenthemes.com/diggy/images/favicon.png]
[html.awaikenthemes.com/diggy/css/bootstrap.min.css]
[html.awaikenthemes.com/diggy/css/slicknav.min.css]
[html.awaikenthemes.com/diggy/css/swiper-bundle.min.css]
[html.awaikenthemes.com/diggy/css/all.css]
[html.awaikenthemes.com/diggy/css/animate.css]
[html.awaikenthemes.com/diggy/css/mousecursor.css]
[html.awaikenthemes.com/diggy/css/custom.css]
[html.awaikenthemes.com/diggy/images/loader.svg]
[html.awaikenthemes.com/diggy/images/logo.svg]
[html.awaikenthemes.com/diggy/index.html]
[html.awaikenthemes.com/diggy/index-2.html]
[html.awaikenthemes.com/diggy/index-video.html]
[html.awaikenthemes.com/diggy/about.html]
[html.awaikenthemes.com/diggy/service.html]
[html.awaikenthemes.com/diggy/service-single.html]
[html.awaikenthemes.com/diggy/blog.html]
[html.awaikenthemes.com/diggy/blog-single.html]
[html.awaikenthemes.com/diggy/team.html]
[html.awaikenthemes.com/diggy/team-single.html]
[html.awaikenthemes.com/diggy/portfolio.html]
[html.awaikenthemes.com/diggy/portfolio-single.html]
[html.awaikenthemes.com/diggy/pricing.html]
[html.awaikenthemes.com/diggy/faqs.html]
[html.awaikenthemes.com/diggy/404.html]
[html.awaikenthemes.com/diggy/contact.html]
[html.awaikenthemes.com/diggy/images/hero-agency-image.svg]
[html.awaikenthemes.com/diggy/images/market-leader-img-1.svg]
[html.awaikenthemes.com/diggy/images/market-leader-img-2.svg]
[html.awaikenthemes.com/diggy/images/market-leader-img-3.svg]
[html.awaikenthemes.com/diggy/images/market-leader-img-4.svg]
[html.awaikenthemes.com/diggy/images/market-leader-img-5.svg]
[html.awaikenthemes.com/diggy/images/market-leader-img-6.svg]
[html.awaikenthemes.com/diggy/images/about-img-1.jpg]
[html.awaikenthemes.com/diggy/images/about-img-2.jpg]
[html.awaikenthemes.com/diggy/images/icon-about-exprience.svg]
[html.awaikenthemes.com/diggy/images/hero-client-image.svg]
[html.awaikenthemes.com/diggy/images/icon-about-cta.svg]
[html.awaikenthemes.com/diggy/images/about-cta-image.jpg]
[html.awaikenthemes.com/diggy/images/icon-services-1.svg]
[html.awaikenthemes.com/diggy/images/icon-services-2.svg]
[html.awaikenthemes.com/diggy/images/icon-services-3.svg]
[html.awaikenthemes.com/diggy/images/portfolio-img-1.jpg]
[html.awaikenthemes.com/diggy/images/icon-plus.svg]
[html.awaikenthemes.com/diggy/images/portfolio-img-2.jpg]
[html.awaikenthemes.com/diggy/images/portfolio-img-3.jpg]
[html.awaikenthemes.com/diggy/images/portfolio-img-4.jpg]
[html.awaikenthemes.com/diggy/images/portfolio-img-5.jpg]
[html.awaikenthemes.com/diggy/images/team-1.jpg]
[html.awaikenthemes.com/diggy/images/team-2.jpg]
[html.awaikenthemes.com/diggy/images/team-3.jpg]
[html.awaikenthemes.com/diggy/images/icon-star.svg]
[html.awaikenthemes.com/diggy/images/testimonial-quote.svg]
[html.awaikenthemes.com/diggy/images/author-1.jpg]
[html.awaikenthemes.com/diggy/images/author-3.jpg]
[html.awaikenthemes.com/diggy/images/faqs-image.jpg]
[html.awaikenthemes.com/diggy/images/post-1.jpg]
[html.awaikenthemes.com/diggy/images/post-2.jpg]
[html.awaikenthemes.com/diggy/images/post-3.jpg]
[html.awaikenthemes.com/diggy/images/footer-logo.svg]
[html.awaikenthemes.com/diggy/js/jquery-3.7.1.min.js]
[html.awaikenthemes.com/diggy/js/circle-progress.min.js]
[html.awaikenthemes.com/diggy/js/bootstrap.min.js]
[html.awaikenthemes.com/diggy/js/validator.min.js]
[html.awaikenthemes.com/diggy/js/jquery.slicknav.js]
[html.awaikenthemes.com/diggy/js/swiper-bundle.min.js]
[html.awaikenthemes.com/diggy/js/jquery.waypoints.min.js]
[html.awaikenthemes.com/diggy/js/jquery.counterup.min.js]
[html.awaikenthemes.com/diggy/js/SmoothScroll.js]
[html.awaikenthemes.com/diggy/js/gsap.min.js]
[html.awaikenthemes.com/diggy/js/magiccursor.js]
[html.awaikenthemes.com/diggy/js/ScrollTrigger.min.js]
[html.awaikenthemes.com/diggy/js/jquery.mb.YTPlayer.min.js]
[html.awaikenthemes.com/diggy/js/wow.js]
[html.awaikenthemes.com/diggy/js/function.js]
[html.awaikenthemes.com/diggy/index-image.html]
[html.awaikenthemes.com/diggy/css/bootstrap.min.css]
[html.awaikenthemes.com/diggy/css/slicknav.min.css]
[html.awaikenthemes.com/diggy/css/swiper-bundle.min.css]
[demo.awaikenthemes.com/assets/js/theme-panel.js]
[html.awaikenthemes.com/diggy/webfonts/fa-brands-400.woff2]
[html.awaikenthemes.com/diggy/webfonts/fa-brands-400.ttf]
[html.awaikenthemes.com/diggy/webfonts/fa-regular-400.woff2]
[html.awaikenthemes.com/diggy/webfonts/fa-regular-400.ttf]
[html.awaikenthemes.com/diggy/webfonts/fa-solid-900.woff2]
[html.awaikenthemes.com/diggy/webfonts/fa-v4compatibility.woff2]
[html.awaikenthemes.com/diggy/webfonts/fa-solid-900.ttf]
[html.awaikenthemes.com/diggy/css/all.css]
[html.awaikenthemes.com/diggy/css/animate.css]
[html.awaikenthemes.com/diggy/css/mousecursor.css]
[html.awaikenthemes.com/diggy/webfonts/fa-v4compatibility.ttf]
[html.awaikenthemes.com/diggy/images/white-arrow.svg]
[html.awaikenthemes.com/diggy/images/icon-sub-heading.svg]
[html.awaikenthemes.com/diggy/images/hero-bg.jpg]
[html.awaikenthemes.com/diggy/images/hero-bg-2.jpg]
[html.awaikenthemes.com/diggy/images/squre-icon-list.svg]
[html.awaikenthemes.com/diggy/images/section-bg-gradient-1.jpg]
[html.awaikenthemes.com/diggy/images/section-bg-gradient-2.jpg]
[html.awaikenthemes.com/diggy/images/faqs-gradient-shape.svg]
[html.awaikenthemes.com/diggy/images/footer-about-circle.svg]
[html.awaikenthemes.com/diggy/images/page-header-bg.jpg]
[html.awaikenthemes.com/diggy/images/icon-customer.svg]
[html.awaikenthemes.com/diggy/images/icon-impact.svg]
[html.awaikenthemes.com/diggy/images/icon-experience.svg]
[html.awaikenthemes.com/diggy/images/icon-hiw-dot.svg]
[html.awaikenthemes.com/diggy/images/why-us-bg.jpg]
[html.awaikenthemes.com/diggy/css/custom.css]
[html.awaikenthemes.com/diggy/images/loader.svg]
[html.awaikenthemes.com/diggy/index.html]
[html.awaikenthemes.com/diggy/images/logo.svg]
[html.awaikenthemes.com/diggy/index-2.html]
[html.awaikenthemes.com/diggy/index-video.html]
[html.awaikenthemes.com/diggy/images/icon-blockquote.svg]
[html.awaikenthemes.com/diggy/images/icon-contact-now.svg]
[html.awaikenthemes.com/diggy/images/page-about-img-1.jpg]
[html.awaikenthemes.com/diggy/images/page-about-img-2.jpg]
[html.awaikenthemes.com/diggy/images/how-work-image-1.jpg]
[html.awaikenthemes.com/diggy/images/how-work-image-2.jpg]
[html.awaikenthemes.com/diggy/images/how-work-image-3.jpg]
[html.awaikenthemes.com/diggy/images/icon-why-us-1.svg]
[html.awaikenthemes.com/diggy/images/icon-why-us-2.svg]
[html.awaikenthemes.com/diggy/images/icon-why-us-3.svg]
[html.awaikenthemes.com/diggy/about.html]
[html.awaikenthemes.com/diggy/images/icon-why-us-4.svg]
[html.awaikenthemes.com/diggy/images/icon-services-4.svg]
[html.awaikenthemes.com/diggy/images/icon-services-5.svg]
[html.awaikenthemes.com/diggy/images/icon-services-6.svg]
[html.awaikenthemes.com/diggy/images/icon-customer-support-1.svg]
[html.awaikenthemes.com/diggy/images/icon-customer-support-2.svg]
[html.awaikenthemes.com/diggy/service.html]
[html.awaikenthemes.com/diggy/images/icon-customer-support-3.svg]
[html.awaikenthemes.com/diggy/images/service-planning-1.jpg]
[html.awaikenthemes.com/diggy/images/service-planning-2.jpg]
[html.awaikenthemes.com/diggy/images/service-planning-circle.png]
[html.awaikenthemes.com/diggy/images/service-entry-img-1.jpg]
[html.awaikenthemes.com/diggy/images/service-entry-img-2.jpg]
[html.awaikenthemes.com/diggy/images/service-entry-img-3.jpg]
[html.awaikenthemes.com/diggy/images/service-conter-img.jpg]
[html.awaikenthemes.com/diggy/service-single.html]
[html.awaikenthemes.com/diggy/images/post-4.jpg]
[html.awaikenthemes.com/diggy/images/post-5.jpg]
[html.awaikenthemes.com/diggy/images/post-6.jpg]
[html.awaikenthemes.com/diggy/blog.html]
[html.awaikenthemes.com/diggy/blog-single.html]
[html.awaikenthemes.com/diggy/images/team-4.jpg]
[html.awaikenthemes.com/diggy/images/team-5.jpg]
[html.awaikenthemes.com/diggy/images/team-6.jpg]
[html.awaikenthemes.com/diggy/team.html]
[html.awaikenthemes.com/diggy/team-single.html]
[html.awaikenthemes.com/diggy/portfolio.html]
[html.awaikenthemes.com/diggy/images/portfolio-single-img.jpg]
[html.awaikenthemes.com/diggy/images/portfolio-single-img-1.jpg]
[html.awaikenthemes.com/diggy/images/portfolio-single-img-2.jpg]
[html.awaikenthemes.com/diggy/images/portfolio-single-img-3.jpg]
[html.awaikenthemes.com/diggy/images/portfolio-single-img-4.jpg]
[html.awaikenthemes.com/diggy/portfolio-single.html]
[html.awaikenthemes.com/diggy/pricing.html]
[html.awaikenthemes.com/diggy/faqs.html]
[html.awaikenthemes.com/diggy/images/404-error-img.png]
[html.awaikenthemes.com/diggy/404.html]
[html.awaikenthemes.com/diggy/images/icon-phone.svg]
[html.awaikenthemes.com/diggy/images/icon-mail.svg]
[html.awaikenthemes.com/diggy/images/icon-location.svg]
[html.awaikenthemes.com/diggy/contact.html]
[html.awaikenthemes.com/diggy/images/hero-agency-image.svg]
[html.awaikenthemes.com/diggy/images/hero-client-image.svg]
[html.awaikenthemes.com/diggy/images/market-leader-img-1.svg]
[html.awaikenthemes.com/diggy/images/market-leader-img-2.svg]
[html.awaikenthemes.com/diggy/images/market-leader-img-3.svg]
[html.awaikenthemes.com/diggy/images/market-leader-img-4.svg]
[html.awaikenthemes.com/diggy/images/market-leader-img-5.svg]
[html.awaikenthemes.com/diggy/images/market-leader-img-6.svg]
[html.awaikenthemes.com/diggy/images/icon-about-exprience.svg]
[html.awaikenthemes.com/diggy/images/icon-about-cta.svg]
[html.awaikenthemes.com/diggy/images/icon-services-1.svg]
[html.awaikenthemes.com/diggy/images/icon-services-2.svg]
[html.awaikenthemes.com/diggy/images/icon-services-3.svg]
[html.awaikenthemes.com/diggy/images/icon-plus.svg]
[html.awaikenthemes.com/diggy/images/icon-star.svg]
[html.awaikenthemes.com/diggy/images/testimonial-quote.svg]
[html.awaikenthemes.com/diggy/images/footer-logo.svg]
[html.awaikenthemes.com/diggy/images/white-arrow.svg]
[html.awaikenthemes.com/diggy/images/icon-sub-heading.svg]
[html.awaikenthemes.com/diggy/images/squre-icon-list.svg]
[html.awaikenthemes.com/diggy/images/faqs-gradient-shape.svg]
[html.awaikenthemes.com/diggy/images/footer-about-circle.svg]
[html.awaikenthemes.com/diggy/images/icon-customer.svg]
[html.awaikenthemes.com/diggy/images/icon-impact.svg]
[html.awaikenthemes.com/diggy/images/icon-experience.svg]
[html.awaikenthemes.com/diggy/images/icon-hiw-dot.svg]
[html.awaikenthemes.com/diggy/images/icon-blockquote.svg]
[html.awaikenthemes.com/diggy/images/icon-contact-now.svg]
[html.awaikenthemes.com/diggy/images/icon-why-us-1.svg]
[html.awaikenthemes.com/diggy/images/icon-why-us-2.svg]
[html.awaikenthemes.com/diggy/images/icon-why-us-3.svg]
[html.awaikenthemes.com/diggy/images/icon-why-us-4.svg]
[html.awaikenthemes.com/diggy/images/icon-services-4.svg]
[html.awaikenthemes.com/diggy/images/icon-services-5.svg]
[html.awaikenthemes.com/diggy/images/icon-services-6.svg]
[html.awaikenthemes.com/diggy/images/icon-customer-support-1.svg]
[html.awaikenthemes.com/diggy/images/icon-customer-support-2.svg]
[html.awaikenthemes.com/diggy/images/icon-customer-support-3.svg]
[html.awaikenthemes.com/diggy/images/icon-phone.svg]
[html.awaikenthemes.com/diggy/images/icon-mail.svg]
[html.awaikenthemes.com/diggy/images/icon-location.svg]
[html.awaikenthemes.com/diggy/images/icon-watch.svg]
[html.awaikenthemes.com/diggy/images/icon-watch.svg]
